[debug] [2026-05-20T23:31:04.440Z] ----------------------------------------------------------------------
[debug] [2026-05-20T23:31:04.446Z] Command:       C:\Program Files\nodejs\node.exe C:\Users\Cristian Aliaga\AppData\Roaming\npm\node_modules\firebase-tools\lib\bin\firebase.js deploy --only firestore:rules
[debug] [2026-05-20T23:31:04.447Z] CLI Version:   15.18.0
[debug] [2026-05-20T23:31:04.447Z] Platform:      win32
[debug] [2026-05-20T23:31:04.447Z] Node Version:  v24.14.1
[debug] [2026-05-20T23:31:04.447Z] Time:          Wed May 20 2026 20:31:04 GMT-0300 (hora estándar de Argentina)
[debug] [2026-05-20T23:31:04.448Z] ----------------------------------------------------------------------
[debug] 
[debug] [2026-05-20T23:31:07.880Z] > command requires scopes: ["email","openid","https://www.googleapis.com/auth/cloudplatformprojects.readonly","https://www.googleapis.com/auth/firebase","https://www.googleapis.com/auth/cloud-platform"]
[debug] [2026-05-20T23:31:07.881Z] > authorizing via signed-in user (tecnocosmica@gmail.com)
[debug] [2026-05-20T23:31:07.881Z] [iam] checking project cosmica-clientes for permissions ["datastore.indexes.create","datastore.indexes.delete","datastore.indexes.list","datastore.indexes.update","firebase.projects.get"]
[debug] [2026-05-20T23:31:07.884Z] Checked if tokens are valid: true, expires at: 1779322727362
[debug] [2026-05-20T23:31:07.884Z] Checked if tokens are valid: true, expires at: 1779322727362
[debug] [2026-05-20T23:31:07.887Z] >>> [apiv2][query] POST https://cloudresourcemanager.googleapis.com/v1/projects/cosmica-clientes:testIamPermissions [none]
[debug] [2026-05-20T23:31:07.887Z] >>> [apiv2][(partial)header] POST https://cloudresourcemanager.googleapis.com/v1/projects/cosmica-clientes:testIamPermissions  x-goog-user-project=cosmica-clientes
[debug] [2026-05-20T23:31:07.887Z] >>> [apiv2][body] POST https://cloudresourcemanager.googleapis.com/v1/projects/cosmica-clientes:testIamPermissions {"permissions":["datastore.indexes.create","datastore.indexes.delete","datastore.indexes.list","datastore.indexes.update","firebase.projects.get"]}
[debug] [2026-05-20T23:31:09.020Z] <<< [apiv2][status] POST https://cloudresourcemanager.googleapis.com/v1/projects/cosmica-clientes:testIamPermissions 200
[debug] [2026-05-20T23:31:09.021Z] <<< [apiv2][body] POST https://cloudresourcemanager.googleapis.com/v1/projects/cosmica-clientes:testIamPermissions {"permissions":["datastore.indexes.create","datastore.indexes.delete","datastore.indexes.list","datastore.indexes.update","firebase.projects.get"]}
[info] 
[info] === Deploying to 'cosmica-clientes'...
[info] 
[info] i  deploying firestore 
[info] i  firestore: ensuring required API firestore.googleapis.com is enabled... 
[info] i  firestore: ensuring required API firestore.googleapis.com is enabled... 
[debug] [2026-05-20T23:31:09.041Z] Checked if tokens are valid: true, expires at: 1779322727362
[debug] [2026-05-20T23:31:09.041Z] Checked if tokens are valid: true, expires at: 1779322727362
[debug] [2026-05-20T23:31:09.042Z] >>> [apiv2][query] GET https://firestore.googleapis.com/v1/projects/cosmica-clientes/databases/(default) [none]
[debug] [2026-05-20T23:31:10.166Z] <<< [apiv2][status] GET https://firestore.googleapis.com/v1/projects/cosmica-clientes/databases/(default) 200
[debug] [2026-05-20T23:31:10.167Z] <<< [apiv2][body] GET https://firestore.googleapis.com/v1/projects/cosmica-clientes/databases/(default) {"name":"projects/cosmica-clientes/databases/(default)","uid":"c3b95657-b841-4d62-b57b-d8885cb57785","createTime":"2026-04-30T12:46:20.839744Z","updateTime":"2026-04-30T12:46:20.839744Z","locationId":"nam5","type":"FIRESTORE_NATIVE","concurrencyMode":"PESSIMISTIC","versionRetentionPeriod":"3600s","earliestVersionTime":"2026-05-20T22:31:11.074036Z","appEngineIntegrationMode":"DISABLED","keyPrefix":"s","pointInTimeRecoveryEnablement":"POINT_IN_TIME_RECOVERY_DISABLED","deleteProtectionState":"DELETE_PROTECTION_DISABLED","databaseEdition":"STANDARD","freeTier":true,"realtimeUpdatesMode":"REALTIME_UPDATES_MODE_ENABLED","etag":"IKfZ7YaDyZQDMInEq9rOlZQD"}
[info] i  firestore: reading indexes from firestore.indexes.json... 
[info] i  cloud.firestore: checking firestore.rules for compilation errors... 
[debug] [2026-05-20T23:31:10.178Z] Checked if tokens are valid: true, expires at: 1779322727362
[debug] [2026-05-20T23:31:10.179Z] Checked if tokens are valid: true, expires at: 1779322727362
[debug] [2026-05-20T23:31:10.179Z] >>> [apiv2][query] POST https://firebaserules.googleapis.com/v1/projects/cosmica-clientes:test [none]
[debug] [2026-05-20T23:31:10.180Z] >>> [apiv2][body] POST https://firebaserules.googleapis.com/v1/projects/cosmica-clientes:test [omitted]
[debug] [2026-05-20T23:31:11.652Z] <<< [apiv2][status] POST https://firebaserules.googleapis.com/v1/projects/cosmica-clientes:test 200
[debug] [2026-05-20T23:31:11.653Z] <<< [apiv2][body] POST https://firebaserules.googleapis.com/v1/projects/cosmica-clientes:test {}
[info] +  cloud.firestore: rules file firestore.rules compiled successfully 
[debug] [2026-05-20T23:31:11.658Z] Checked if tokens are valid: true, expires at: 1779322727362
[debug] [2026-05-20T23:31:11.658Z] Checked if tokens are valid: true, expires at: 1779322727362
[debug] [2026-05-20T23:31:11.659Z] >>> [apiv2][query] GET https://firebaserules.googleapis.com/v1/projects/cosmica-clientes/releases pageSize=10&pageToken=
[debug] [2026-05-20T23:31:12.774Z] <<< [apiv2][status] GET https://firebaserules.googleapis.com/v1/projects/cosmica-clientes/releases 200
[debug] [2026-05-20T23:31:12.775Z] <<< [apiv2][body] GET https://firebaserules.googleapis.com/v1/projects/cosmica-clientes/releases {"releases":[{"name":"projects/cosmica-clientes/releases/cloud.firestore","rulesetName":"projects/cosmica-clientes/rulesets/f85ac85d-ec26-4f0b-955f-30f53196cdcd","createTime":"2026-04-30T12:46:25.139299Z","updateTime":"2026-05-20T23:18:58.307121Z"}]}
[debug] [2026-05-20T23:31:12.776Z] Checked if tokens are valid: true, expires at: 1779322727362
[debug] [2026-05-20T23:31:12.777Z] Checked if tokens are valid: true, expires at: 1779322727362
[debug] [2026-05-20T23:31:12.778Z] >>> [apiv2][query] GET https://firebaserules.googleapis.com/v1/projects/cosmica-clientes/rulesets/f85ac85d-ec26-4f0b-955f-30f53196cdcd [none]
[debug] [2026-05-20T23:31:13.909Z] <<< [apiv2][status] GET https://firebaserules.googleapis.com/v1/projects/cosmica-clientes/rulesets/f85ac85d-ec26-4f0b-955f-30f53196cdcd 200
[debug] [2026-05-20T23:31:13.910Z] <<< [apiv2][body] GET https://firebaserules.googleapis.com/v1/projects/cosmica-clientes/rulesets/f85ac85d-ec26-4f0b-955f-30f53196cdcd [omitted]
[info] i  firestore: latest version of firestore.rules already up to date, skipping upload... 
[debug] [2026-05-20T23:31:13.915Z] [rules] releasing cloud.firestore with ruleset projects/cosmica-clientes/rulesets/f85ac85d-ec26-4f0b-955f-30f53196cdcd
[debug] [2026-05-20T23:31:13.916Z] Checked if tokens are valid: true, expires at: 1779322727362
[debug] [2026-05-20T23:31:13.916Z] Checked if tokens are valid: true, expires at: 1779322727362
[debug] [2026-05-20T23:31:13.917Z] >>> [apiv2][query] PATCH https://firebaserules.googleapis.com/v1/projects/cosmica-clientes/releases/cloud.firestore [none]
[debug] [2026-05-20T23:31:13.918Z] >>> [apiv2][body] PATCH https://firebaserules.googleapis.com/v1/projects/cosmica-clientes/releases/cloud.firestore {"release":{"name":"projects/cosmica-clientes/releases/cloud.firestore","rulesetName":"projects/cosmica-clientes/rulesets/f85ac85d-ec26-4f0b-955f-30f53196cdcd"}}
